[html.kodesolution.com/2022/vizox-html/index.html]
[backblue.gif]
[fade.gif]
[index.html]
[html.kodesolution.com/2022/vizox-html/css/bootstrap.min.css]
[html.kodesolution.com/2022/vizox-html/plugins/revolution/css/settings.css]
[html.kodesolution.com/2022/vizox-html/plugins/revolution/css/layers.css]
[html.kodesolution.com/2022/vizox-html/plugins/revolution/css/navigation.css]
[html.kodesolution.com/2022/vizox-html/css/style.css]
[html.kodesolution.com/2022/vizox-html/css/responsive.css]
[html.kodesolution.com/2022/vizox-html/images/favicon.png]
[html.kodesolution.com/2022/vizox-html/images/logo.png]
[html.kodesolution.com/2022/vizox-html/index-2.html]
[html.kodesolution.com/2022/vizox-html/index-3.html]
[html.kodesolution.com/2022/vizox-html/index-1-single.html]
[html.kodesolution.com/2022/vizox-html/index-2-single.html]
[html.kodesolution.com/2022/vizox-html/index-3-single.html]
[html.kodesolution.com/2022/vizox-html/index-1-dark.html]
[html.kodesolution.com/2022/vizox-html/index-2-dark.html]
[html.kodesolution.com/2022/vizox-html/index-1-boxed.html]
[html.kodesolution.com/2022/vizox-html/index-2-boxed.html]
[html.kodesolution.com/2022/vizox-html/index-1-rtl.html]
[html.kodesolution.com/2022/vizox-html/page-about.html]
[html.kodesolution.com/2022/vizox-html/page-country.html]
[html.kodesolution.com/2022/vizox-html/page-country-details.html]
[html.kodesolution.com/2022/vizox-html/page-team.html]
[html.kodesolution.com/2022/vizox-html/page-team-details.html]
[html.kodesolution.com/2022/vizox-html/page-testimonial.html]
[html.kodesolution.com/2022/vizox-html/page-FAQ.html]
[html.kodesolution.com/2022/vizox-html/page-404.html]
[html.kodesolution.com/2022/vizox-html/page-course.html]
[html.kodesolution.com/2022/vizox-html/page-course-details.html]
[html.kodesolution.com/2022/vizox-html/page-service.html]
[html.kodesolution.com/2022/vizox-html/page-service-details.html]
[html.kodesolution.com/2022/vizox-html/shop-products.html]
[html.kodesolution.com/2022/vizox-html/shop-products-sidebar.html]
[html.kodesolution.com/2022/vizox-html/shop-product-details.html]
[html.kodesolution.com/2022/vizox-html/shop-cart.html]
[html.kodesolution.com/2022/vizox-html/shop-checkout.html]
[html.kodesolution.com/2022/vizox-html/news-grid.html]
[html.kodesolution.com/2022/vizox-html/news-details.html]
[html.kodesolution.com/2022/vizox-html/page-contact.html]
[html.kodesolution.com/2022/vizox-html/images/logo-2.png]
[html.kodesolution.com/2022/vizox-html/images/main-slider/1.jpg]
[html.kodesolution.com/2022/vizox-html/images/main-slider/2.jpg]
[html.kodesolution.com/2022/vizox-html/images/main-slider/3.jpg]
[html.kodesolution.com/2022/vizox-html/images/resource/about-1.jpg]
[html.kodesolution.com/2022/vizox-html/images/resource/about-2.jpg]
[html.kodesolution.com/2022/vizox-html/images/resource/about-3.jpg]
[html.kodesolution.com/2022/vizox-html/images/resource/stemp.png]
[html.kodesolution.com/2022/vizox-html/images/resource/country-1.jpg]
[html.kodesolution.com/2022/vizox-html/images/resource/flag-aus.jpg]
[html.kodesolution.com/2022/vizox-html/images/resource/country-2.jpg]
[html.kodesolution.com/2022/vizox-html/images/resource/flag-usa.jpg]
[html.kodesolution.com/2022/vizox-html/images/resource/country-3.jpg]
[html.kodesolution.com/2022/vizox-html/images/resource/flag-dub.jpg]
[html.kodesolution.com/2022/vizox-html/images/resource/country-4.jpg]
[html.kodesolution.com/2022/vizox-html/images/resource/flag-la.jpg]
[html.kodesolution.com/2022/vizox-html/images/resource/country-5.jpg]
[html.kodesolution.com/2022/vizox-html/images/resource/flag-in.jpg]
[html.kodesolution.com/2022/vizox-html/images/resource/service-1.jpg]
[html.kodesolution.com/2022/vizox-html/images/resource/service-2.jpg]
[html.kodesolution.com/2022/vizox-html/images/resource/service-3.jpg]
[html.kodesolution.com/2022/vizox-html/images/resource/image-1.png]
[html.kodesolution.com/2022/vizox-html/images/background/1.jpg]
[html.kodesolution.com/2022/vizox-html/images/resource/testimonial-1.jpg]
[html.kodesolution.com/2022/vizox-html/images/resource/testimonial-2.jpg]
[html.kodesolution.com/2022/vizox-html/images/resource/testimonial-3.jpg]
[html.kodesolution.com/2022/vizox-html/images/resource/image-2.jpg]
[html.kodesolution.com/2022/vizox-html/images/resource/client.png]
[html.kodesolution.com/2022/vizox-html/images/resource/gallery-1.jpg]
[html.kodesolution.com/2022/vizox-html/images/resource/gallery-2.jpg]
[html.kodesolution.com/2022/vizox-html/images/resource/gallery-3.jpg]
[html.kodesolution.com/2022/vizox-html/images/resource/gallery-4.jpg]
[html.kodesolution.com/2022/vizox-html/images/resource/icon-plane.png]
[html.kodesolution.com/2022/vizox-html/images/resource/image-3.png]
[html.kodesolution.com/2022/vizox-html/images/resource/stemp-2.png]
[html.kodesolution.com/2022/vizox-html/images/resource/course-1.jpg]
[html.kodesolution.com/2022/vizox-html/images/resource/course-2.jpg]
[html.kodesolution.com/2022/vizox-html/images/resource/course-3.jpg]
[html.kodesolution.com/2022/vizox-html/images/resource/course-4.jpg]
[html.kodesolution.com/2022/vizox-html/images/resource/image-4.jpg]
[html.kodesolution.com/2022/vizox-html/images/resource/news-1.jpg]
[html.kodesolution.com/2022/vizox-html/images/resource/news-2.jpg]
[html.kodesolution.com/2022/vizox-html/images/resource/news-3.jpg]
[html.kodesolution.com/2022/vizox-html/images/resource/project-thumb-1.jpg]
[html.kodesolution.com/2022/vizox-html/images/resource/project-thumb-2.jpg]
[html.kodesolution.com/2022/vizox-html/images/resource/project-thumb-3.jpg]
[html.kodesolution.com/2022/vizox-html/images/resource/project-thumb-4.jpg]
[html.kodesolution.com/2022/vizox-html/images/resource/project-thumb-5.jpg]
[html.kodesolution.com/2022/vizox-html/images/resource/project-thumb-6.jpg]
[html.kodesolution.com/cdn-cgi/scripts/5c5dd728/cloudflare-static/email-decode.min.js]
[html.kodesolution.com/2022/vizox-html/js/jquery.js]
[html.kodesolution.com/2022/vizox-html/js/popper.min.js]
[html.kodesolution.com/2022/vizox-html/plugins/revolution/js/jquery.themepunch.revolution.min.js]
[html.kodesolution.com/2022/vizox-html/plugins/revolution/js/jquery.themepunch.tools.min.js]
[html.kodesolution.com/2022/vizox-html/plugins/revolution/js/extensions/revolution.extension.actions.min.js]
[html.kodesolution.com/2022/vizox-html/plugins/revolution/js/extensions/revolution.extension.carousel.min.js]
[html.kodesolution.com/2022/vizox-html/plugins/revolution/js/extensions/revolution.extension.kenburn.min.js]
[html.kodesolution.com/2022/vizox-html/plugins/revolution/js/extensions/revolution.extension.layeranimation.min.js]
[html.kodesolution.com/2022/vizox-html/plugins/revolution/js/extensions/revolution.extension.migration.min.js]
[html.kodesolution.com/2022/vizox-html/plugins/revolution/js/extensions/revolution.extension.navigation.min.js]
[html.kodesolution.com/2022/vizox-html/plugins/revolution/js/extensions/revolution.extension.parallax.min.js]
[html.kodesolution.com/2022/vizox-html/plugins/revolution/js/extensions/revolution.extension.slideanims.min.js]
[html.kodesolution.com/2022/vizox-html/plugins/revolution/js/extensions/revolution.extension.video.min.js]
[html.kodesolution.com/2022/vizox-html/js/main-slider-script.js]
[html.kodesolution.com/2022/vizox-html/js/bootstrap.min.js]
[html.kodesolution.com/2022/vizox-html/js/jquery.fancybox.js]
[html.kodesolution.com/2022/vizox-html/js/wow.js]
[html.kodesolution.com/2022/vizox-html/js/appear.js]
[html.kodesolution.com/2022/vizox-html/js/select2.min.js]
[html.kodesolution.com/2022/vizox-html/js/owl.js]
[html.kodesolution.com/2022/vizox-html/index.html]
[html.kodesolution.com/2022/vizox-html/css/bootstrap.min.css]
[html.kodesolution.com/2022/vizox-html/js/script.js]
[html.kodesolution.com/2022/vizox-html/plugins/revolution/fonts/revicons/revicons90c6.eot]
[html.kodesolution.com/2022/vizox-html/plugins/revolution/fonts/revicons/revicons90c6.woff]
[html.kodesolution.com/2022/vizox-html/plugins/revolution/fonts/revicons/revicons90c6.ttf]
[html.kodesolution.com/2022/vizox-html/plugins/revolution/fonts/revicons/revicons90c6.svg]
[html.kodesolution.com/2022/vizox-html/plugins/revolution/css/openhand.cur]
[html.kodesolution.com/2022/vizox-html/plugins/revolution/css/closedhand.cur]
[html.kodesolution.com/2022/vizox-html/plugins/revolution/assets/gridtile.png]
[html.kodesolution.com/2022/vizox-html/plugins/revolution/assets/gridtile_white.png]
[html.kodesolution.com/2022/vizox-html/plugins/revolution/assets/gridtile_3x3.png]
[html.kodesolution.com/2022/vizox-html/plugins/revolution/assets/gridtile_3x3_white.png]
[html.kodesolution.com/2022/vizox-html/plugins/revolution/assets/coloredbg.png]
[html.kodesolution.com/2022/vizox-html/plugins/revolution/assets/loader.gif]
[html.kodesolution.com/2022/vizox-html/plugins/revolution/css/settings.css]
[html.kodesolution.com/2022/vizox-html/plugins/revolution/css/layers.css]
[html.kodesolution.com/2022/vizox-html/plugins/revolution/css/navigation.css]
[html.kodesolution.com/2022/vizox-html/css/animate.css]
[html.kodesolution.com/2022/vizox-html/css/owl.css]
[html.kodesolution.com/2022/vizox-html/css/jquery.fancybox.min.css]
[html.kodesolution.com/2022/vizox-html/css/linear.css]
[html.kodesolution.com/2022/vizox-html/css/fontawesome-all.css]
[html.kodesolution.com/2022/vizox-html/css/flaticon.css]
[html.kodesolution.com/2022/vizox-html/css/tm-bs-mp.css]
[html.kodesolution.com/2022/vizox-html/css/tm-utility-classes.css]
[html.kodesolution.com/2022/vizox-html/fonts/Reey-Regular.woff2]
[html.kodesolution.com/2022/vizox-html/fonts/Reey-Regular.woff]
[html.kodesolution.com/2022/vizox-html/images/icons/preloader.gif]
[html.kodesolution.com/2022/vizox-html/images/icons/icon-plane.png]
[html.kodesolution.com/2022/vizox-html/images/icons/quote-icon.png]
[html.kodesolution.com/2022/vizox-html/images/icons/quote-icon-2.png]
[html.kodesolution.com/2022/vizox-html/images/icons/icon-dots.png]
[html.kodesolution.com/2022/vizox-html/images/icons/icon-object-1.png]
[html.kodesolution.com/2022/vizox-html/images/icons/icon-object-2.png]
[html.kodesolution.com/2022/vizox-html/images/icons/icon-object-3.png]
[html.kodesolution.com/2022/vizox-html/images/icons/icon-object-4.png]
[html.kodesolution.com/2022/vizox-html/images/icons/icon-wide-map.png]
[html.kodesolution.com/2022/vizox-html/images/icons/shape-4.png]
[html.kodesolution.com/2022/vizox-html/images/icons/shape-5.png]
[html.kodesolution.com/2022/vizox-html/images/icons/icon-cards.png]
[html.kodesolution.com/2022/vizox-html/images/icons/pattern-1.png]
[html.kodesolution.com/2022/vizox-html/images/icons/shape-3.png]
[html.kodesolution.com/2022/vizox-html/images/icons/pattern-12.png]
[html.kodesolution.com/2022/vizox-html/images/icons/pattern-4.png]
[html.kodesolution.com/2022/vizox-html/images/icons/pattern-14.png]
[html.kodesolution.com/2022/vizox-html/images/icons/pattern-2.png]
[html.kodesolution.com/2022/vizox-html/images/icons/curve.png]
[html.kodesolution.com/2022/vizox-html/images/icons/pattern-8.png]
[html.kodesolution.com/2022/vizox-html/images/icons/pattern-9.jpg]
[html.kodesolution.com/2022/vizox-html/images/icons/pattern-5.png]
[html.kodesolution.com/2022/vizox-html/images/icons/pattern-6.png]
[html.kodesolution.com/2022/vizox-html/images/icons/pattern-11.png]
[html.kodesolution.com/2022/vizox-html/images/icons/pattern-13.jpg]
[html.kodesolution.com/2022/vizox-html/images/icons/pattern-15.jpg]
[html.kodesolution.com/2022/vizox-html/images/icons/pattern-7.png]
[html.kodesolution.com/2022/vizox-html/images/icons/icon-arrow-2.png]
[html.kodesolution.com/2022/vizox-html/images/icons/icon-dots-2.png]
[html.kodesolution.com/2022/vizox-html/images/icons/shape-2.png]
[html.kodesolution.com/2022/vizox-html/images/icons/pattern-10.png]
[html.kodesolution.com/2022/vizox-html/images/icons/pattern-3.png]
[html.kodesolution.com/2022/vizox-html/images/icons/cat-1-bg.png]
[html.kodesolution.com/2022/vizox-html/images/icons/cat-2-bg.png]
[html.kodesolution.com/2022/vizox-html/images/icons/cat-3-bg.png]
[html.kodesolution.com/2022/vizox-html/images/icons/cat-4-bg.png]
[html.kodesolution.com/2022/vizox-html/images/icons/shape-7.png]
[html.kodesolution.com/2022/vizox-html/css/style.css]
[html.kodesolution.com/2022/vizox-html/css/responsive.css]
[html.kodesolution.com/2022/vizox-html/images/icons/icon-arrow.png]
[html.kodesolution.com/2022/vizox-html/images/resource/course-5.jpg]
[html.kodesolution.com/2022/vizox-html/images/resource/course-6.jpg]
[html.kodesolution.com/2022/vizox-html/images/resource/course-7.jpg]
[html.kodesolution.com/2022/vizox-html/images/resource/about-4.jpg]
[html.kodesolution.com/2022/vizox-html/images/resource/about-5.jpg]
[html.kodesolution.com/2022/vizox-html/images/background/2.jpg]
[html.kodesolution.com/2022/vizox-html/images/resource/flag-1.jpg]
[html.kodesolution.com/2022/vizox-html/images/resource/flag-2.jpg]
[html.kodesolution.com/2022/vizox-html/images/resource/flag-3.jpg]
[html.kodesolution.com/2022/vizox-html/images/resource/flag-4.jpg]
[html.kodesolution.com/2022/vizox-html/images/resource/flag-5.jpg]
[html.kodesolution.com/2022/vizox-html/images/resource/about-6.jpg]
[html.kodesolution.com/2022/vizox-html/images/resource/process-1.jpg]
[html.kodesolution.com/2022/vizox-html/images/resource/process-2.jpg]
[html.kodesolution.com/2022/vizox-html/images/resource/process-3.jpg]
[html.kodesolution.com/2022/vizox-html/images/resource/gallery-5.jpg]
[html.kodesolution.com/2022/vizox-html/images/resource/gallery-6.jpg]
[html.kodesolution.com/2022/vizox-html/images/resource/gallery-7.jpg]
[html.kodesolution.com/2022/vizox-html/images/resource/gallery-8.jpg]
[html.kodesolution.com/2022/vizox-html/images/resource/team-1.jpg]
[html.kodesolution.com/2022/vizox-html/images/resource/team-2.jpg]
[html.kodesolution.com/2022/vizox-html/images/resource/team-3.jpg]
[html.kodesolution.com/2022/vizox-html/images/resource/team-4.jpg]
[html.kodesolution.com/2022/vizox-html/images/resource/avatar-1.jpg]
[html.kodesolution.com/2022/vizox-html/images/resource/testimonial-4.jpg]
[html.kodesolution.com/2022/vizox-html/images/resource/testimonial-5.jpg]
[html.kodesolution.com/2022/vizox-html/images/resource/news-4.jpg]
[html.kodesolution.com/2022/vizox-html/images/resource/news-5.jpg]
[html.kodesolution.com/2022/vizox-html/images/resource/news-6.jpg]
[html.kodesolution.com/2022/vizox-html/images/background/3.jpg]
[html.kodesolution.com/2022/vizox-html/index-2.html]
[html.kodesolution.com/2022/vizox-html/images/resource/about-7.jpg]
[html.kodesolution.com/2022/vizox-html/images/resource/stemp-3.png]
[html.kodesolution.com/2022/vizox-html/images/resource/flag-turkey.jpg]
[html.kodesolution.com/2022/vizox-html/images/background/4.jpg]
[html.kodesolution.com/2022/vizox-html/images/resource/service-4.jpg]
[html.kodesolution.com/2022/vizox-html/images/resource/service-5.jpg]
[html.kodesolution.com/2022/vizox-html/images/resource/service-6.jpg]
[html.kodesolution.com/2022/vizox-html/images/resource/service-7.jpg]
[html.kodesolution.com/2022/vizox-html/images/resource/image-6.jpg]
[html.kodesolution.com/2022/vizox-html/images/resource/image-5.jpg]
[html.kodesolution.com/2022/vizox-html/images/resource/image-7.jpg]
[html.kodesolution.com/2022/vizox-html/images/resource/feature.jpg]
[html.kodesolution.com/2022/vizox-html/images/resource/image-8.jpg]
[html.kodesolution.com/2022/vizox-html/images/resource/course-8.jpg]
[html.kodesolution.com/2022/vizox-html/images/resource/course-9.jpg]
[html.kodesolution.com/2022/vizox-html/images/resource/course-10.jpg]
[html.kodesolution.com/2022/vizox-html/images/resource/course-11.jpg]
[html.kodesolution.com/2022/vizox-html/images/resource/feature-2.jpg]
[html.kodesolution.com/2022/vizox-html/images/resource/news-7.jpg]
[html.kodesolution.com/2022/vizox-html/images/resource/news-8.jpg]
[html.kodesolution.com/2022/vizox-html/images/resource/news-9.jpg]
[html.kodesolution.com/2022/vizox-html/images/resource/news-10.jpg]
[html.kodesolution.com/2022/vizox-html/images/resource/client-2.png]
[html.kodesolution.com/2022/vizox-html/index-3.html]
[html.kodesolution.com/2022/vizox-html/js/jquery.validate.min.js]
[html.kodesolution.com/2022/vizox-html/index-1-single.html]
[html.kodesolution.com/2022/vizox-html/index-2-single.html]
[html.kodesolution.com/2022/vizox-html/index-3-single.html]
[html.kodesolution.com/2022/vizox-html/js/jquery.form.min.js]
[html.kodesolution.com/2022/vizox-html/index-1-dark.html]
[html.kodesolution.com/2022/vizox-html/index-2-dark.html]
[html.kodesolution.com/2022/vizox-html/css/style-dark.css]
[html.kodesolution.com/2022/vizox-html/images/pattern/p13.png]
[html.kodesolution.com/2022/vizox-html/index-1-boxed.html]
[html.kodesolution.com/2022/vizox-html/index-2-boxed.html]
[html.kodesolution.com/2022/vizox-html/index-1-rtl.html]
[html.kodesolution.com/2022/vizox-html/css/style-rtl.css]
[html.kodesolution.com/2022/vizox-html/images/background/page-title.jpg]
[html.kodesolution.com/2022/vizox-html/js/jquery-ui.js]
[html.kodesolution.com/2022/vizox-html/page-about.html]
[html.kodesolution.com/2022/vizox-html/js/swiper.min.js]
[html.kodesolution.com/2022/vizox-html/js/jquery.countdown.js]
[html.kodesolution.com/2022/vizox-html/page-country.html]
[html.kodesolution.com/2022/vizox-html/js/mixitup.js]
[html.kodesolution.com/2022/vizox-html/images/resource/country-details.jpg]
[html.kodesolution.com/2022/vizox-html/page-country-details.html]
[html.kodesolution.com/2022/vizox-html/page-team.html]
[html.kodesolution.com/2022/vizox-html/images/resource/team-details.jpg]
[html.kodesolution.com/2022/vizox-html/page-team-details.html]
[html.kodesolution.com/2022/vizox-html/page-testimonial.html]
[html.kodesolution.com/2022/vizox-html/page-FAQ.html]
[html.kodesolution.com/2022/vizox-html/images/resource/404.jpg]
[html.kodesolution.com/2022/vizox-html/page-404.html]
[html.kodesolution.com/2022/vizox-html/page-course.html]
[html.kodesolution.com/2022/vizox-html/images/resource/course-details.jpg]
[html.kodesolution.com/2022/vizox-html/page-course-details.html]
[html.kodesolution.com/2022/vizox-html/page-service.html]
[html.kodesolution.com/2022/vizox-html/images/resource/contact.jpg]
[html.kodesolution.com/2022/vizox-html/images/resource/overlay-shape.png]
[html.kodesolution.com/2022/vizox-html/images/resource/service-details.jpg]
[html.kodesolution.com/2022/vizox-html/page-service-details.html]
[html.kodesolution.com/2022/vizox-html/images/resource/products/1.jpg]
[html.kodesolution.com/2022/vizox-html/images/resource/products/2.jpg]
[html.kodesolution.com/2022/vizox-html/images/resource/products/3.jpg]
[html.kodesolution.com/2022/vizox-html/images/resource/products/4.jpg]
[html.kodesolution.com/2022/vizox-html/images/resource/products/5.jpg]
[html.kodesolution.com/2022/vizox-html/images/resource/products/6.jpg]
[html.kodesolution.com/2022/vizox-html/images/resource/products/7.jpg]
[html.kodesolution.com/2022/vizox-html/images/resource/products/8.jpg]
[html.kodesolution.com/2022/vizox-html/shop-products.html]
[html.kodesolution.com/2022/vizox-html/shop-details.html]
[html.kodesolution.com/2022/vizox-html/images/resource/products/thumb-1.jpg]
[html.kodesolution.com/2022/vizox-html/images/resource/products/thumb-2.jpg]
[html.kodesolution.com/2022/vizox-html/images/resource/products/thumb-3.jpg]
[html.kodesolution.com/2022/vizox-html/shop-products-sidebar.html]
[html.kodesolution.com/2022/vizox-html/images/resource/products/product-details.jpg]
[html.kodesolution.com/2022/vizox-html/images/resource/products/product-details2.jpg]
[html.kodesolution.com/2022/vizox-html/images/resource/products/product-details3.jpg]
[html.kodesolution.com/2022/vizox-html/images/resource/testi-thumb-1.jpg]
[html.kodesolution.com/2022/vizox-html/images/resource/testi-thumb-2.jpg]
[html.kodesolution.com/2022/vizox-html/shop-product-details.html]
[html.kodesolution.com/2022/vizox-html/shop-cart.html]
[html.kodesolution.com/2022/vizox-html/shop-checkout.html]
[html.kodesolution.com/2022/vizox-html/news-grid.html]
[html.kodesolution.com/2022/vizox-html/js/bxslider.js]
[html.kodesolution.com/2022/vizox-html/images/resource/news-details.jpg]
[html.kodesolution.com/2022/vizox-html/news-details.html]
[html.kodesolution.com/2022/vizox-html/page-contact.html]
[html.kodesolution.com/2022/vizox-html/plugins/revolution/fonts/revicons/revicons90c6.svg]
[html.kodesolution.com/2022/vizox-html/css/animate.css]
[html.kodesolution.com/2022/vizox-html/css/owl.video.play.png]
[html.kodesolution.com/2022/vizox-html/css/owl.css]
[html.kodesolution.com/2022/vizox-html/css/jquery.fancybox.min.css]
[html.kodesolution.com/2022/vizox-html/fonts/linearicons-free8429.eot]
[html.kodesolution.com/2022/vizox-html/fonts/linearicons-free8429.ttf]
[html.kodesolution.com/2022/vizox-html/fonts/linearicons-free8429.woff]
[html.kodesolution.com/2022/vizox-html/css/linear.css]
[html.kodesolution.com/2022/vizox-html/fonts/linearicons-free8429.svg]
[html.kodesolution.com/2022/vizox-html/fonts/fa-brands-400.eot]
[html.kodesolution.com/2022/vizox-html/fonts/fa-brands-400d41d.eot]
[html.kodesolution.com/2022/vizox-html/fonts/fa-brands-400.woff2]
[html.kodesolution.com/2022/vizox-html/fonts/fa-brands-400.woff]
[html.kodesolution.com/2022/vizox-html/fonts/fa-brands-400.ttf]
[html.kodesolution.com/2022/vizox-html/fonts/fa-brands-400.svg]
[html.kodesolution.com/2022/vizox-html/fonts/fa-regular-400.eot]
[html.kodesolution.com/2022/vizox-html/fonts/fa-regular-400d41d.eot]
[html.kodesolution.com/2022/vizox-html/fonts/fa-regular-400.woff2]
[html.kodesolution.com/2022/vizox-html/fonts/fa-regular-400.woff]
[html.kodesolution.com/2022/vizox-html/fonts/fa-regular-400.ttf]
[html.kodesolution.com/2022/vizox-html/fonts/fa-regular-400.svg]
[html.kodesolution.com/2022/vizox-html/fonts/fa-solid-900.eot]
[html.kodesolution.com/2022/vizox-html/fonts/fa-solid-900d41d.eot]
[html.kodesolution.com/2022/vizox-html/fonts/fa-solid-900.woff2]
[html.kodesolution.com/2022/vizox-html/fonts/fa-solid-900.woff]
[html.kodesolution.com/2022/vizox-html/fonts/fa-solid-900.ttf]
[html.kodesolution.com/2022/vizox-html/css/fontawesome-all.css]
[html.kodesolution.com/2022/vizox-html/fonts/fa-solid-900.svg]
[html.kodesolution.com/2022/vizox-html/fonts/flaticon_visa6cd5.ttf]
[html.kodesolution.com/2022/vizox-html/fonts/flaticon_visa6cd5.woff]
[html.kodesolution.com/2022/vizox-html/fonts/flaticon_visa6cd5.woff2]
[html.kodesolution.com/2022/vizox-html/fonts/flaticon_visa6cd5.eot]
[html.kodesolution.com/2022/vizox-html/css/flaticon.css]
[html.kodesolution.com/2022/vizox-html/css/tm-bs-mp.css]
[html.kodesolution.com/2022/vizox-html/css/tm-utility-classes.css]
[html.kodesolution.com/2022/vizox-html/images/icons/cat-1-bg.html]
[html.kodesolution.com/2022/vizox-html/images/icons/cat-2-bg.html]
[html.kodesolution.com/2022/vizox-html/images/icons/cat-3-bg.html]
[html.kodesolution.com/2022/vizox-html/images/icons/cat-4-bg.html]
[html.kodesolution.com/2022/vizox-html/images/icons/shape-7.html]
[html.kodesolution.com/2022/vizox-html/fonts/flaticon_visa6cd5.svg]
[html.kodesolution.com/2022/vizox-html/images/icons/pattern-14.jpg]
[html.kodesolution.com/2022/vizox-html/images/icons/pattern-3.jpg]
[html.kodesolution.com/2022/vizox-html/images/icons/pattern-7.jpg]
[html.kodesolution.com/2022/vizox-html/images/icons/pattern-19.jpg]
[html.kodesolution.com/2022/vizox-html/images/icons/pattern-4-dark.png]
[html.kodesolution.com/2022/vizox-html/images/icons/pattern-15-dark.jpg]
[html.kodesolution.com/2022/vizox-html/images/icons/pattern-8-dark.png]
[html.kodesolution.com/2022/vizox-html/images/icons/pattern-5-dark.jpg]
[html.kodesolution.com/2022/vizox-html/images/icons/Faunfacts.png]
[html.kodesolution.com/2022/vizox-html/images/icons/pattern-16.png]
[html.kodesolution.com/2022/vizox-html/images/icons/pattern-15-dark.png]
[html.kodesolution.com/2022/vizox-html/images/icons/pattern-20-dark.png]
[html.kodesolution.com/2022/vizox-html/images/icons/shape-10-dark.png]
[html.kodesolution.com/2022/vizox-html/images/icons/curve-dark.png]
[html.kodesolution.com/2022/vizox-html/images/icons/shape-6.png]
[html.kodesolution.com/2022/vizox-html/images/icons/pattern-6-dark.png]
[html.kodesolution.com/2022/vizox-html/images/icons/pattern-13-dark.jpg]
[html.kodesolution.com/2022/vizox-html/images/icons/pattern-7-dark-dark.png]
[html.kodesolution.com/2022/vizox-html/images/icons/icon-lines-2-dark.png]
[html.kodesolution.com/2022/vizox-html/images/icons/icon-lines-dark.png]
[html.kodesolution.com/2022/vizox-html/images/icons/shape-4-dark.png]
[html.kodesolution.com/2022/vizox-html/images/icons/shape-5-dark.png]
[html.kodesolution.com/2022/vizox-html/css/style-dark.css]
[html.kodesolution.com/2022/vizox-html/css/style-rtl.css]
[html.kodesolution.com/2022/vizox-html/shop-details.html]
[html.kodesolution.com/2022/vizox-html/images/resource/testi-thumb-1.html]
[html.kodesolution.com/2022/vizox-html/images/resource/testi-thumb-2.html]
[html.kodesolution.com/2022/vizox-html/css/owl.video.play.html]
[html.kodesolution.com/2022/vizox-html/fonts/linearicons-free8429.svg]
[html.kodesolution.com/2022/vizox-html/fonts/fa-brands-400.svg]
[html.kodesolution.com/2022/vizox-html/fonts/fa-regular-400.svg]
[html.kodesolution.com/2022/vizox-html/fonts/fa-solid-900.svg]
[html.kodesolution.com/2022/vizox-html/fonts/flaticon_visa6cd5.svg]
[html.kodesolution.com/2022/vizox-html/images/icons/pattern-14.html]
[html.kodesolution.com/2022/vizox-html/images/icons/pattern-3.html]
[html.kodesolution.com/2022/vizox-html/images/icons/pattern-7.html]
[html.kodesolution.com/2022/vizox-html/images/icons/pattern-19.html]
[html.kodesolution.com/2022/vizox-html/images/icons/pattern-4-dark.html]
[html.kodesolution.com/2022/vizox-html/images/icons/pattern-5-dark.html]
[html.kodesolution.com/2022/vizox-html/images/icons/Faunfacts.html]
[html.kodesolution.com/2022/vizox-html/images/icons/pattern-16.html]
[html.kodesolution.com/2022/vizox-html/images/icons/pattern-15-dark.html]
[html.kodesolution.com/2022/vizox-html/images/icons/pattern-20-dark.html]
[html.kodesolution.com/2022/vizox-html/images/icons/shape-10-dark.html]
[html.kodesolution.com/2022/vizox-html/images/icons/shape-6.html]
[html.kodesolution.com/2022/vizox-html/images/icons/pattern-7-dark-dark.html]
[html.kodesolution.com/2022/vizox-html/images/icons/icon-lines-2-dark.html]
[html.kodesolution.com/2022/vizox-html/images/icons/icon-lines-dark.html]
[html.kodesolution.com/2022/vizox-html/images/icons/shape-4-dark.html]
[html.kodesolution.com/2022/vizox-html/images/icons/shape-5-dark.html]
