[html.valorwide.com/immipro/index.html]
[backblue.gif]
[fade.gif]
[index.html]
[html.valorwide.com/immipro/index-2.html]
[html.valorwide.com/immipro/index-3.html]
[html.valorwide.com/immipro/index-4.html]
[html.valorwide.com/immipro/index-5.html]
[html.valorwide.com/immipro/about.html]
[html.valorwide.com/immipro/gallery-1.html]
[html.valorwide.com/immipro/gallery-2.html]
[html.valorwide.com/immipro/story-details.html]
[html.valorwide.com/immipro/team.html]
[html.valorwide.com/immipro/team-details.html]
[html.valorwide.com/immipro/testimonials.html]
[html.valorwide.com/immipro/faq.html]
[html.valorwide.com/immipro/error.html]
[html.valorwide.com/immipro/coaching.html]
[html.valorwide.com/immipro/coaching-details.html]
[html.valorwide.com/immipro/visa.html]
[html.valorwide.com/immipro/visa-details.html]
[html.valorwide.com/immipro/countries.html]
[html.valorwide.com/immipro/country-details.html]
[html.valorwide.com/immipro/blog.html]
[html.valorwide.com/immipro/blog-details.html]
[html.valorwide.com/immipro/contact.html]
[html.valorwide.com/immipro/assets/imgs/banner/banner-2.png]
[html.valorwide.com/immipro/assets/imgs/banner/banner-map.png]
[html.valorwide.com/immipro/assets/imgs/banner/banner-1.png]
[html.valorwide.com/immipro/assets/imgs/banner/banner-plane.png]
[html.valorwide.com/immipro/assets/imgs/visa-cat/visa-shape-1.png]
[html.valorwide.com/immipro/assets/imgs/visa-cat/visa-shape-2.png]
[html.valorwide.com/immipro/assets/imgs/visa-cat/visa-map.png]
[html.valorwide.com/immipro/assets/imgs/resources/shape-glob.png]
[html.valorwide.com/immipro/assets/imgs/resources/cf-1.jpg]
[html.valorwide.com/immipro/assets/imgs/resources/flag-1.png]
[html.valorwide.com/immipro/assets/imgs/resources/flag-2.png]
[html.valorwide.com/immipro/assets/imgs/resources/flag-3.png]
[html.valorwide.com/immipro/assets/imgs/resources/video-bg.jpg]
[html.valorwide.com/immipro/assets/imgs/resources/video-shape.png]
[html.valorwide.com/immipro/assets/imgs/resources/video-shape-1.png]
[html.valorwide.com/immipro/assets/imgs/resources/country-map-1.png]
[html.valorwide.com/immipro/australia.html]
[html.valorwide.com/immipro/assets/imgs/resources/choose-bg.png]
[html.valorwide.com/immipro/assets/imgs/resources/flag-4.png]
[html.valorwide.com/immipro/canada.html]
[html.valorwide.com/immipro/assets/imgs/resources/flag-5.png]
[html.valorwide.com/immipro/usa.html]
[html.valorwide.com/immipro/assets/imgs/resources/flag-6.png]
[html.valorwide.com/immipro/assets/imgs/services/service-map.png]
[html.valorwide.com/immipro/assets/imgs/services/service-seal.png]
[html.valorwide.com/immipro/assets/imgs/services/service-1.jpg]
[html.valorwide.com/immipro/student-visa.html]
[html.valorwide.com/immipro/assets/imgs/services/service-2.jpg]
[html.valorwide.com/immipro/tourist-visa.html]
[html.valorwide.com/immipro/business-visa.html]
[html.valorwide.com/immipro/transit-visa.html]
[html.valorwide.com/immipro/assets/imgs/resources/testimonials-big.jpg]
[html.valorwide.com/immipro/assets/imgs/resources/author-1.png]
[html.valorwide.com/immipro/assets/imgs/resources/author-2.png]
[html.valorwide.com/immipro/assets/imgs/resources/clients-1.png]
[html.valorwide.com/immipro/assets/imgs/resources/clients-2.png]
[html.valorwide.com/immipro/assets/imgs/resources/clients-3.png]
[html.valorwide.com/immipro/assets/imgs/resources/clients-4.png]
[html.valorwide.com/immipro/assets/imgs/resources/clients-5.png]
[html.valorwide.com/immipro/assets/imgs/coaching/coaching-bg-1.png]
[html.valorwide.com/immipro/assets/imgs/coaching/coaching-1.png]
[html.valorwide.com/immipro/assets/imgs/coaching/coaching-2.png]
[html.valorwide.com/immipro/assets/imgs/coaching/coaching-3.png]
[html.valorwide.com/immipro/assets/imgs/resources/stamp-1.png]
[html.valorwide.com/immipro/assets/imgs/resources/plane-black.png]
[html.valorwide.com/immipro/assets/imgs/resources/benefits-1.jpg]
[html.valorwide.com/immipro/assets/imgs/team/shape-team.png]
[html.valorwide.com/immipro/assets/imgs/team/team-1.jpg]
[html.valorwide.com/immipro/assets/imgs/team/team-2.jpg]
[html.valorwide.com/immipro/assets/imgs/team/team-3.jpg]
[html.valorwide.com/immipro/assets/imgs/team/team-4.jpg]
[html.valorwide.com/immipro/assets/imgs/resources/booking-plane.png]
[html.valorwide.com/immipro/assets/imgs/resources/booking-plane-2.png]
[html.valorwide.com/immipro/assets/imgs/resources/booking-map.png]
[html.valorwide.com/immipro/assets/imgs/blog/blog-shape.png]
[html.valorwide.com/immipro/assets/imgs/blog/blog-1.jpg]
[html.valorwide.com/immipro/assets/imgs/blog/blog-2.jpg]
[html.valorwide.com/immipro/assets/imgs/blog/blog-3.jpg]
[html.valorwide.com/immipro/assets/imgs/footer/footer-shape-1.png]
[html.valorwide.com/immipro/assets/imgs/logo/footer-logo.png]
[html.valorwide.com/immipro/assets/imgs/footer/footer-1.png]
[html.valorwide.com/immipro/assets/imgs/footer/footer-2.png]
[html.valorwide.com/immipro/assets/imgs/footer/footer-3.png]
[html.valorwide.com/immipro/assets/imgs/footer/footer-4.png]
[html.valorwide.com/immipro/assets/imgs/footer/footer-5.png]
[html.valorwide.com/immipro/assets/imgs/footer/footer-6.png]
[html.valorwide.com/immipro/assets/js/jquery-3.6.0.min.js]
[html.valorwide.com/immipro/assets/js/waypoints.min.js]
[html.valorwide.com/immipro/assets/js/bootstrap.bundle.min.js]
[html.valorwide.com/immipro/assets/js/meanmenu.min.js]
[html.valorwide.com/immipro/assets/js/swiper.min.js]
[html.valorwide.com/immipro/assets/js/slick.min.js]
[html.valorwide.com/immipro/assets/js/magnific-popup.min.js]
[html.valorwide.com/immipro/assets/js/counterup.js]
[html.valorwide.com/immipro/assets/js/wow.js]
[html.valorwide.com/immipro/assets/js/owl.js]
[html.valorwide.com/immipro/assets/js/isotope.js]
[html.valorwide.com/immipro/assets/js/jquery.nice-select.min.js]
[html.valorwide.com/immipro/assets/js/flatpickr.min.js]
[html.valorwide.com/immipro/assets/js/sweetalert2.all.min.js]
[html.valorwide.com/immipro/assets/js/email.min.js]
[html.valorwide.com/immipro/assets/js/email-validation.js]
[html.valorwide.com/immipro/assets/js/main.js]
[html.valorwide.com/immipro/index.html]
[html.valorwide.com/immipro/assets/imgs/favicon.svg]
[html.valorwide.com/immipro/assets/css/bootstrap.min.css]
[html.valorwide.com/immipro/assets/css/meanmenu.min.css]
[html.valorwide.com/immipro/assets/css/animate.css]
[html.valorwide.com/immipro/assets/css/swiper.min.css]
[html.valorwide.com/immipro/assets/css/slick.css]
[html.valorwide.com/immipro/assets/css/magnific-popup.css]
[html.valorwide.com/immipro/assets/fonts/fa-brands-400.woff2]
[html.valorwide.com/immipro/assets/fonts/fa-brands-400.ttf]
[html.valorwide.com/immipro/assets/fonts/fa-duotone-900.woff2]
[html.valorwide.com/immipro/assets/fonts/fa-duotone-900.ttf]
[html.valorwide.com/immipro/assets/fonts/fa-light-300.woff2]
[html.valorwide.com/immipro/assets/fonts/fa-light-300.ttf]
[html.valorwide.com/immipro/assets/fonts/fa-regular-400.woff2]
[html.valorwide.com/immipro/assets/fonts/fa-regular-400.ttf]
[html.valorwide.com/immipro/assets/fonts/fa-solid-900.woff2]
[html.valorwide.com/immipro/assets/fonts/fa-solid-900.ttf]
[html.valorwide.com/immipro/assets/fonts/fa-thin-100.woff2]
[html.valorwide.com/immipro/assets/fonts/fa-thin-100.ttf]
[html.valorwide.com/immipro/assets/fonts/fa-v4compatibility.woff2]
[html.valorwide.com/immipro/assets/fonts/fa-v4compatibility.ttf]
[html.valorwide.com/immipro/assets/css/fontawesome-pro.css]
[html.valorwide.com/immipro/assets/fonts/icomoone735.eot]
[html.valorwide.com/immipro/assets/fonts/icomoone735.ttf]
[html.valorwide.com/immipro/assets/fonts/icomoone735.woff]
[html.valorwide.com/immipro/assets/css/icomoon.css]
[html.valorwide.com/immipro/assets/css/spacing.css]
[html.valorwide.com/immipro/assets/css/sweetalert2.min.css]
[html.valorwide.com/immipro/assets/css/flatpickr.css]
[html.valorwide.com/immipro/assets/css/nice-select.css]
[html.valorwide.com/immipro/assets/css/owl.video.play.png]
[html.valorwide.com/immipro/assets/css/owl.css]
[html.valorwide.com/immipro/assets/css/main.css]
[html.valorwide.com/immipro/index-2.html]
[html.valorwide.com/immipro/assets/imgs/logo/logo-white.svg]
[html.valorwide.com/immipro/assets/imgs/logo/logo.svg]
[html.valorwide.com/immipro/assets/imgs/dark/d-shape-1.png]
[html.valorwide.com/immipro/assets/imgs/banner/banner-1.jpg]
[html.valorwide.com/immipro/assets/imgs/banner/banner-shape-2.png]
[html.valorwide.com/immipro/assets/imgs/banner/banner-2.jpg]
[html.valorwide.com/immipro/assets/imgs/banner/banner-3.jpg]
[html.valorwide.com/immipro/assets/imgs/visa-cat/visa-plane.png]
[html.valorwide.com/immipro/assets/imgs/dark/d-shape-2.png]
[html.valorwide.com/immipro/assets/imgs/visa-cat/visa-1.jpg]
[html.valorwide.com/immipro/assets/imgs/visa-cat/stamp-visa.png]
[html.valorwide.com/immipro/assets/imgs/visa-cat/visa-2.jpg]
[html.valorwide.com/immipro/assets/imgs/country/list-shape-1.png]
[html.valorwide.com/immipro/assets/imgs/country/list-shape-2.png]
[html.valorwide.com/immipro/assets/imgs/country/list-shape-3.png]
[html.valorwide.com/immipro/assets/imgs/dark/d-shape-3.png]
[html.valorwide.com/immipro/assets/imgs/country/list-map.png]
[html.valorwide.com/immipro/assets/imgs/country/list-bg.png]
[html.valorwide.com/immipro/assets/imgs/country/aus.png]
[html.valorwide.com/immipro/assets/imgs/country/can.png]
[html.valorwide.com/immipro/assets/imgs/country/usa.png]
[html.valorwide.com/immipro/assets/imgs/country/uk.png]
[html.valorwide.com/immipro/assets/imgs/dark/d-shape-4.png]
[html.valorwide.com/immipro/assets/imgs/resources/cta-3-bg.jpg]
[html.valorwide.com/immipro/assets/imgs/resources/bnp-shape.png]
[html.valorwide.com/immipro/assets/imgs/resources/process-shape.png]
[html.valorwide.com/immipro/assets/imgs/resources/process-1.jpg]
[html.valorwide.com/immipro/assets/imgs/resources/process-2.jpg]
[html.valorwide.com/immipro/assets/imgs/resources/process-3.jpg]
[html.valorwide.com/immipro/assets/imgs/services/service-shape-4.png]
[html.valorwide.com/immipro/assets/imgs/services/service-bg.png]
[html.valorwide.com/immipro/assets/imgs/dark/d-shape-5.png]
[html.valorwide.com/immipro/assets/imgs/resources/choose-plane.png]
[html.valorwide.com/immipro/assets/imgs/resources/choose-1.jpg]
[html.valorwide.com/immipro/assets/imgs/resources/image-1.png]
[html.valorwide.com/immipro/assets/imgs/resources/image-2.png]
[html.valorwide.com/immipro/assets/imgs/resources/image-3.png]
[html.valorwide.com/immipro/assets/imgs/resources/image-4.png]
[html.valorwide.com/immipro/assets/imgs/resources/dark-1.png]
[html.valorwide.com/immipro/assets/imgs/dark/d-shape-6.png]
[html.valorwide.com/immipro/assets/imgs/services/training-1.jpg]
[html.valorwide.com/immipro/assets/imgs/services/training-2.jpg]
[html.valorwide.com/immipro/assets/imgs/services/training-3.jpg]
[html.valorwide.com/immipro/assets/imgs/dark/d-shape-7.png]
[html.valorwide.com/immipro/index-3.html]
[html.valorwide.com/immipro/assets/imgs/banner/banner-shape-1.png]
[html.valorwide.com/immipro/assets/imgs/resources/cta-shape.png]
[html.valorwide.com/immipro/assets/imgs/services/service-shape-1.png]
[html.valorwide.com/immipro/assets/imgs/resources/choose-map.png]
[html.valorwide.com/immipro/assets/imgs/resources/faq-shape-2.png]
[html.valorwide.com/immipro/assets/imgs/resources/faq-shape-1.png]
[html.valorwide.com/immipro/assets/imgs/resources/testimonials-shape.png]
[html.valorwide.com/immipro/index-4.html]
[html.valorwide.com/immipro/assets/imgs/banner/banner-4.jpg]
[html.valorwide.com/immipro/assets/imgs/banner/banner-shape-3.png]
[html.valorwide.com/immipro/assets/imgs/banner/banner-shape-4.png]
[html.valorwide.com/immipro/assets/imgs/banner/banner-5.jpg]
[html.valorwide.com/immipro/assets/imgs/banner/banner-6.jpg]
[html.valorwide.com/immipro/assets/imgs/services/service-shape-2.png]
[html.valorwide.com/immipro/assets/imgs/services/service-shape-3.png]
[html.valorwide.com/immipro/assets/imgs/resources/curve-bg.png]
[html.valorwide.com/immipro/assets/imgs/visa-cat/visa-3.jpg]
[html.valorwide.com/immipro/assets/imgs/visa-cat/visa-4.png]
[html.valorwide.com/immipro/assets/imgs/country/list-shape-4.png]
[html.valorwide.com/immipro/assets/imgs/country/list-shape-5.png]
[html.valorwide.com/immipro/assets/imgs/resources/flag-7.png]
[html.valorwide.com/immipro/assets/imgs/resources/flag-8.png]
[html.valorwide.com/immipro/assets/imgs/resources/counter-1.png]
[html.valorwide.com/immipro/assets/imgs/visa-cat/apply-1.jpg]
[html.valorwide.com/immipro/assets/imgs/visa-cat/apply-2.jpg]
[html.valorwide.com/immipro/assets/imgs/visa-cat/apply-3.jpg]
[html.valorwide.com/immipro/assets/imgs/visa-cat/apply-4.jpg]
[html.valorwide.com/immipro/assets/imgs/visa-cat/apply-5.jpg]
[html.valorwide.com/immipro/assets/imgs/visa-cat/visa-shape-3.png]
[html.valorwide.com/immipro/assets/imgs/visa-cat/visa-service-1.png]
[html.valorwide.com/immipro/assets/imgs/visa-cat/visa-service-2.png]
[html.valorwide.com/immipro/assets/imgs/visa-cat/visa-service-3.png]
[html.valorwide.com/immipro/assets/imgs/visa-cat/visa-service-4.png]
[html.valorwide.com/immipro/assets/imgs/resources/shape-1.png]
[html.valorwide.com/immipro/assets/imgs/resources/shape-2.png]
[html.valorwide.com/immipro/assets/imgs/resources/choose-2.jpg]
[html.valorwide.com/immipro/assets/imgs/blog/blog-4.jpg]
[html.valorwide.com/immipro/assets/imgs/resources/booking-bg.jpg]
[html.valorwide.com/immipro/index-5.html]
[html.valorwide.com/immipro/assets/imgs/page-title/page-title-1.jpg]
[html.valorwide.com/immipro/assets/imgs/page-title/pt-bg.png]
[html.valorwide.com/immipro/assets/imgs/page-title/pt-shape.png]
[html.valorwide.com/immipro/assets/imgs/resources/about-1.jpg]
[html.valorwide.com/immipro/assets/imgs/resources/about-2.jpg]
[html.valorwide.com/immipro/assets/imgs/resources/about-3.jpg]
[html.valorwide.com/immipro/assets/imgs/resources/about-4.jpg]
[html.valorwide.com/immipro/assets/imgs/coaching/shape-map.png]
[html.valorwide.com/immipro/assets/imgs/coaching/coaching-4.jpg]
[html.valorwide.com/immipro/about.html]
[html.valorwide.com/immipro/assets/imgs/page-title/page-title-4.jpg]
[html.valorwide.com/immipro/assets/imgs/gallery/gallery-1.png]
[html.valorwide.com/immipro/assets/imgs/gallery/gallery-2.png]
[html.valorwide.com/immipro/assets/imgs/gallery/gallery-3.png]
[html.valorwide.com/immipro/assets/imgs/gallery/gallery-4.png]
[html.valorwide.com/immipro/assets/imgs/gallery/gallery-5.png]
[html.valorwide.com/immipro/gallery-1.html]
[html.valorwide.com/immipro/assets/imgs/gallery/gallery-6.png]
[html.valorwide.com/immipro/assets/imgs/page-title/page-title-5.jpg]
[html.valorwide.com/immipro/gallery-2.html]
[html.valorwide.com/immipro/assets/imgs/page-title/page-title-3.jpg]
[html.valorwide.com/immipro/assets/imgs/resources/story-3.png]
[html.valorwide.com/immipro/assets/imgs/resources/story-2.png]
[html.valorwide.com/immipro/assets/imgs/resources/story.jpg]
[html.valorwide.com/immipro/assets/imgs/resources/story-1.png]
[html.valorwide.com/immipro/story-details.html]
[html.valorwide.com/immipro/assets/imgs/page-title/page-title-2.jpg]
[html.valorwide.com/immipro/assets/imgs/team/team-5.jpg]
[html.valorwide.com/immipro/assets/imgs/team/team-6.jpg]
[html.valorwide.com/immipro/team.html]
[html.valorwide.com/immipro/assets/imgs/team/team-details.jpg]
[html.valorwide.com/immipro/team-details.html]
[html.valorwide.com/immipro/assets/imgs/resources/author-3.png]
[html.valorwide.com/immipro/assets/imgs/resources/author-4.png]
[html.valorwide.com/immipro/assets/imgs/resources/author-5.png]
[html.valorwide.com/immipro/assets/imgs/resources/author-6.png]
[html.valorwide.com/immipro/testimonials.html]
[html.valorwide.com/immipro/assets/imgs/resources/welcome-1.png]
[html.valorwide.com/immipro/faq.html]
[html.valorwide.com/immipro/assets/imgs/resources/404.png]
[html.valorwide.com/immipro/error.html]
[html.valorwide.com/immipro/assets/imgs/page-title/page-title-6.jpg]
[html.valorwide.com/immipro/_assets/imgs/resources/cta-3-bg.jpg_]
[html.valorwide.com/immipro/coaching.html]
[html.valorwide.com/immipro/assets/imgs/page-title/page-title-7.jpg]
[html.valorwide.com/immipro/ielts-coaching.html]
[html.valorwide.com/immipro/tofel-coaching.html]
[html.valorwide.com/immipro/oet-coaching.html]
[html.valorwide.com/immipro/gre-coaching.html]
[html.valorwide.com/immipro/sat-coaching.html]
[html.valorwide.com/immipro/assets/imgs/visa-cat/widgets-1.jpg]
[html.valorwide.com/immipro/assets/imgs/visa-cat/widgets-2.png]
[html.valorwide.com/immipro/assets/imgs/visa-cat/widgets-3.png]
[html.valorwide.com/immipro/assets/imgs/visa-cat/widgets-4.png]
[html.valorwide.com/immipro/assets/imgs/coaching/coaching-details.jpg]
[html.valorwide.com/immipro/assets/imgs/coaching/coaching-details-1.jpg]
[html.valorwide.com/immipro/assets/imgs/coaching/coaching-details-3.jpg]
[html.valorwide.com/immipro/assets/imgs/coaching/coaching-details-2.jpg]
[html.valorwide.com/immipro/assets/imgs/coaching/coaching-details-4.jpg]
[html.valorwide.com/immipro/assets/imgs/coaching/coaching-details-5.jpg]
[html.valorwide.com/immipro/coaching-details.html]
[html.valorwide.com/immipro/assets/imgs/page-title/page-title-9.jpg]
[html.valorwide.com/immipro/assets/imgs/services/service-3.jpg]
[html.valorwide.com/immipro/assets/imgs/services/service-4.jpg]
[html.valorwide.com/immipro/visa.html]
[html.valorwide.com/immipro/assets/imgs/visa-cat/visa-details-1.jpg]
[html.valorwide.com/immipro/residence-visa.html]
[html.valorwide.com/immipro/assets/imgs/visa-cat/widgets-2.jpg]
[html.valorwide.com/immipro/assets/imgs/visa-cat/form-1.png]
[html.valorwide.com/immipro/visa-details.html]
[html.valorwide.com/immipro/countries.html]
[html.valorwide.com/immipro/assets/imgs/visa-cat/flag-d-1.png]
[html.valorwide.com/immipro/assets/imgs/visa-cat/flag-d-2.png]
[html.valorwide.com/immipro/assets/imgs/visa-cat/flag-d-3.png]
[html.valorwide.com/immipro/germany.html]
[html.valorwide.com/immipro/assets/imgs/visa-cat/flag-d-4.png]
[html.valorwide.com/immipro/italy.html]
[html.valorwide.com/immipro/assets/imgs/visa-cat/flag-d-5.png]
[html.valorwide.com/immipro/assets/imgs/visa-cat/country-details-1.jpg]
[html.valorwide.com/immipro/country-details.html]
[html.valorwide.com/immipro/assets/imgs/blog/blog-5.jpg]
[html.valorwide.com/immipro/assets/imgs/blog/blog-6.jpg]
[html.valorwide.com/immipro/assets/imgs/blog/blog-7.jpg]
[html.valorwide.com/immipro/blog.html]
[html.valorwide.com/immipro/assets/imgs/page-title/page-title-8.jpg]
[html.valorwide.com/immipro/assets/imgs/blog/blog-details-1.jpg]
[html.valorwide.com/immipro/assets/imgs/blog/author-1.png]
[html.valorwide.com/immipro/assets/imgs/blog/blog-details-2.jpg]
[html.valorwide.com/immipro/assets/imgs/blog/blog-details-3.jpg]
[html.valorwide.com/immipro/assets/imgs/blog/author-2.png]
[html.valorwide.com/immipro/assets/imgs/blog/blog-details-4.jpg]
[html.valorwide.com/immipro/assets/imgs/blog/blog-details-5.jpg]
[html.valorwide.com/immipro/assets/imgs/blog/blog-details-6.jpg]
[html.valorwide.com/immipro/assets/imgs/blog/blog-dots.png]
[html.valorwide.com/immipro/blog-details.html]
[html.valorwide.com/immipro/contact.html]
[html.valorwide.com/immipro/australia.html]
[html.valorwide.com/immipro/canada.html]
[html.valorwide.com/immipro/usa.html]
[html.valorwide.com/immipro/student-visa.html]
[html.valorwide.com/immipro/tourist-visa.html]
[html.valorwide.com/immipro/business-visa.html]
[html.valorwide.com/immipro/transit-visa.html]
[html.valorwide.com/immipro/assets/fonts/fa-duotone-900.html]
[html.valorwide.com/immipro/assets/fonts/fa-duotone-901.html]
[html.valorwide.com/immipro/assets/fonts/icomoone735.svg]
[html.valorwide.com/immipro/assets/css/owl.video.play.html]
[html.valorwide.com/immipro/_assets/imgs/resources/cta-3-bg.html]
[html.valorwide.com/immipro/ielts-coaching.html]
[html.valorwide.com/immipro/tofel-coaching.html]
[html.valorwide.com/immipro/oet-coaching.html]
[html.valorwide.com/immipro/gre-coaching.html]
[html.valorwide.com/immipro/sat-coaching.html]
[html.valorwide.com/immipro/residence-visa.html]
[html.valorwide.com/immipro/germany.html]
[html.valorwide.com/immipro/italy.html]
